
> mvp-project-road-helper@0.1.0 build
> next build

Γû▓ Next.js 16.1.4 (Turbopack)
- Environments: .env.local

  Creating an optimized production build ...
Γ£ô Compiled successfully in 14.8s
  Running TypeScript ...
  Collecting page data using 7 workers ...
  Generating static pages using 7 workers (0/27) ...
node.exe : The width(-1) and height(-1) of chart should be greater than 0,
At line:1 char:1
+ & "C:\Program Files\nodejs/node.exe" "C:\Users\AliMazhar\AppData\Roam ...
+ ~~~~~~~~~~~~~~~~~~~~~~~~~~~~~~~~~~~~~~~~~~~~~~~~~~~~~~~~~~~~~~~~~~~~~
    + CategoryInfo          : NotSpecified: (The width(-1) a...greater than 0, 
   :String) [], RemoteException
    + FullyQualifiedErrorId : NativeCommandError
 
       please check the style of container, or the props width(100%) and 
height(100%),
       or add a minWidth(0) or minHeight(undefined) or use aspect(undefined) 
to control the
       height and width.
  Generating static pages using 7 workers (6/27) 
  Generating static pages using 7 workers (13/27) 
  Generating static pages using 7 workers (20/27) 
Γ£ô Generating static pages using 7 workers (27/27) in 1464.7ms
  Finalizing page optimization ...

Route (app)
Γöî Γùï /
Γö£ Γùï /_not-found
Γö£ Γùï /about
Γö£ Γùï /admin/dashboard
Γö£ Γùï /admin/login
Γö£ Γùï /admin/profile
Γö£ Γùï /admin/requests
Γö£ ╞Æ /admin/requests/[id]
Γö£ Γùï /admin/settings
Γö£ Γùï /admin/signup
Γö£ Γùï /admin/status
Γö£ Γùï /admin/users
Γö£ Γùï /customer/dashboard
Γö£ Γùï /customer/history
Γö£ Γùï /customer/profile
Γö£ Γùï /customer/request-help
Γö£ Γùï /customer/request-status
Γö£ Γùï /forgot-password
Γö£ Γùï /helper/active-job
Γö£ Γùï /helper/dashboard
Γö£ Γùï /helper/earnings
Γö£ Γùï /helper/profile
Γö£ Γùï /helper/requests
Γö£ ╞Æ /journey/[id]
Γö£ Γùï /login
Γö£ Γùï /register
Γöö Γùï /subscriptions


╞Æ Proxy (Middleware)

Γùï  (Static)   prerendered as static content
╞Æ  (Dynamic)  server-rendered on demand

